// Jest Snapshot v1, https://goo.gl/fbAQLP

exports[`DashboardDataPointDetailComponent data point input it should show the correct information by type when type is weather data point 1`] = `
<ng-component>
  <app-dashboard-data-point-detail>
    <div
      class="container flex-column"
    >
      <div
        class="location-information-container shadow-sm flex-row"
      >
        <div
          class="full-width flex-column"
        >
          <h1
            class="display-xs"
          >
            Lappeenranta
          </h1>
          <p
            class="body-xs"
          >
            123,456
          </p>
        </div>
        <app-icon
          icon="close"
        />
      </div>
      <ul
        class="weather-data-container"
      >
        <li>
          <p
            class="button-sm"
          >
            Airtemperature
          </p>
          <small
            class="body-sm"
          >
            0°C
          </small>
        </li>
        <li>
          <p
            class="button-sm"
          >
            Dewpoint
          </p>
          <small
            class="body-sm"
          >
            0°C
          </small>
        </li>
        <li>
          <p
            class="button-sm"
          >
            Icelayerthickness
          </p>
          <small
            class="body-sm"
          >
            0 mm
          </small>
        </li>
        <li>
          <p
            class="button-sm"
          >
            Relativehumidity
          </p>
          <small
            class="body-sm"
          >
            0%
          </small>
        </li>
        <li>
          <p
            class="button-sm"
          >
            State
          </p>
          <small
            class="body-sm"
          >
            state
          </small>
        </li>
        <li>
          <p
            class="button-sm"
          >
            Waterlayerthickness
          </p>
          <small
            class="body-sm"
          >
            0 mm
          </small>
        </li>
        <li>
          <p
            class="button-sm"
          >
            Windspeed
          </p>
          <small
            class="body-sm"
          >
            0 m/s
          </small>
        </li>
      </ul>
    </div>
  </app-dashboard-data-point-detail>
</ng-component>
`;
